deficient
perfect
deficient
abundant
deficient
perfect
deficient
abundant
abundant
deficient
deficient
deficient
deficient
deficient
abundant
deficient
deficient
abundant
abundant
deficient
deficient
deficient
deficient
deficient
deficient
deficient
deficient
deficient
deficient
deficient
deficient
deficient
deficient
deficient
deficient
abundant
abundant
deficient
deficient
deficient
abundant
deficient
abundant
deficient
abundant
deficient
deficient
abundant
abundant
abundant
deficient
deficient
deficient
abundant
deficient
abundant
abundant
deficient
abundant
deficient
deficient
deficient
deficient
deficient
deficient
abundant
deficient
deficient
deficient
deficient
abundant
abundant
deficient
deficient
abundant
abundant
deficient
abundant
deficient
deficient
deficient
abundant
deficient
deficient
deficient
deficient
deficient
abundant
deficient
deficient
deficient
deficient
perfect
deficient
deficient
deficient
abundant
deficient
deficient
deficient
deficient
deficient
deficient
deficient
deficient
abundant
abundant
deficient
deficient
deficient
deficient
abundant
deficient
deficient
deficient
abundant
abundant
deficient
deficient
deficient
deficient
abundant
abundant
deficient
deficient
deficient
deficient
deficient
deficient
deficient
abundant
deficient
deficient
abundant
deficient
deficient
deficient
deficient
deficient
deficient
deficient
deficient
deficient
deficient
deficient
deficient
deficient
deficient
deficient
deficient
deficient
deficient
deficient
deficient
deficient
deficient
deficient
deficient
abundant
deficient
deficient
deficient
deficient
deficient
deficient
deficient
deficient
deficient
deficient
deficient
deficient
deficient
deficient
deficient
abundant
deficient
deficient
deficient
deficient
abundant
abundant
deficient
deficient
deficient
deficient
abundant
abundant
abundant
deficient
deficient
deficient
deficient
deficient
deficient
deficient
deficient
deficient
deficient
abundant
deficient
deficient
deficient
deficient
deficient
abundant
abundant
deficient
deficient
perfect
deficient
abundant
abundant
deficient
deficient
abundant
abundant
deficient
deficient
deficient
abundant
abundant
abundant
deficient
abundant
abundant
deficient
deficient
deficient
deficient
deficient
abundant
deficient
deficient
deficient
deficient
abundant
deficient
deficient
deficient
abundant
deficient
deficient
deficient
abundant
abundant
deficient
abundant
abundant
deficient
abundant
abundant
deficient
deficient
abundant
deficient
deficient
abundant
deficient
deficient
deficient
deficient
deficient
deficient
deficient
deficient
deficient
deficient
deficient
deficient
deficient
deficient
abundant
deficient
deficient
deficient
deficient
deficient
deficient
abundant
deficient
deficient
deficient
deficient
abundant
deficient
deficient
deficient
deficient
deficient
abundant
abundant
deficient
deficient
deficient
deficient
deficient
deficient
abundant
abundant
deficient
deficient
abundant
deficient
deficient
abundant
abundant
deficient
deficient
abundant
deficient
deficient
deficient
deficient
deficient
abundant
abundant
deficient
deficient
deficient
deficient
deficient
deficient
deficient
abundant
deficient
deficient
deficient
abundant
deficient
deficient
deficient
deficient
deficient
deficient
deficient
deficient
deficient
abundant
deficient
deficient
deficient
abundant
deficient
abundant
deficient
deficient
deficient
abundant
abundant
abundant
deficient
deficient
deficient
deficient
deficient
deficient
deficient
deficient
abundant
deficient
deficient
deficient
deficient
deficient
deficient
deficient
abundant
deficient
deficient
abundant
deficient
abundant
deficient
deficient
deficient
deficient
deficient
deficient
deficient
deficient
abundant
deficient
abundant
deficient
deficient
deficient
abundant
deficient
deficient
deficient
deficient
deficient
deficient
deficient
deficient
deficient
deficient
abundant
deficient
deficient
abundant
deficient
abundant
abundant
deficient
deficient
abundant
deficient
deficient
deficient
deficient
abundant
deficient
deficient
deficient
deficient
deficient
deficient
deficient
abundant
abundant
deficient
abundant
deficient
deficient
deficient
deficient
deficient
deficient
abundant
deficient
deficient
deficient
deficient
perfect
abundant
deficient
deficient
deficient
deficient
deficient
deficient
deficient
abundant
deficient
deficient
abundant
deficient
abundant
deficient
deficient
deficient
abundant
deficient
abundant
deficient
deficient
abundant
abundant
deficient
deficient
deficient
deficient
abundant
deficient
deficient
deficient
deficient
deficient
deficient
deficient
deficient
deficient
deficient
abundant
deficient
deficient
deficient
abundant
deficient
deficient
deficient
deficient
deficient
deficient
deficient
deficient
deficient
abundant
deficient
